
R version 3.0.2 (2013-09-25) -- "Frisbee Sailing"
Copyright (C) 2013 The R Foundation for Statistical Computing
Platform: x86_64-w64-mingw32/x64 (64-bit)

R est un logiciel libre livré sans AUCUNE GARANTIE.
Vous pouvez le redistribuer sous certaines conditions.
Tapez 'license()' ou 'licence()' pour plus de détails.

R est un projet collaboratif avec de nombreux contributeurs.
Tapez 'contributors()' pour plus d'information et
'citation()' pour la façon de le citer dans les publications.

Tapez 'demo()' pour des démonstrations, 'help()' pour l'aide
en ligne ou 'help.start()' pour obtenir l'aide au format HTML.
Tapez 'q()' pour quitter R.


Welcome at Mon Dec 16 12:00:06 2013 
> 
> #####################
> ####### LIML high
> #####################
> 
> library(AER)
Le chargement a nécessité le package : car
Le chargement a nécessité le package : lmtest
Le chargement a nécessité le package : zoo

Attachement du package : 'zoo'

Les objets suivants sont masqués from 'package:base':

    as.Date, as.Date.numeric

Le chargement a nécessité le package : sandwich
Le chargement a nécessité le package : survival
Le chargement a nécessité le package : splines
> library(RcompAngrist)
> data("CigarettesSW")
> CigarettesSW$rprice <- with(CigarettesSW, price/cpi)
> CigarettesSW$rincome <- with(CigarettesSW, income/population/cpi)
> CigarettesSW$tdiff <- with(CigarettesSW, (taxs - tax)/cpi)
> 
> res <- kclass(log(packs) ~ log(rprice) + log(rincome) | log(rincome) + tdiff + I(tax/cpi),
+                    data = CigarettesSW)
> res_kcl_2sls <- kclass(log(packs) ~ log(rprice) + log(rincome) | log(rincome) + tdiff + I(tax/cpi),
+                             data = CigarettesSW, k=1)
> res_kcl_ols <- kclass(log(packs) ~ log(rprice) + log(rincome) | log(rincome) + tdiff + I(tax/cpi),
+                            data = CigarettesSW, k=0)
> res_ivreg <- ivreg(log(packs) ~ log(rincome)+log(rprice) | log(rincome) + tdiff + I(tax/cpi),
+                    data = CigarettesSW)
> res_ols <- lm(log(packs) ~ log(rincome)+log(rprice) ,
+               data = CigarettesSW)
> 
> res 
Exo:  (Intercept) log(rincome) 
Endo:  log(rprice) 
Z:  tdiff I(tax/cpi) 

Call:
kclass(formula = log(packs) ~ log(rprice) + log(rincome) | log(rincome) +     tdiff + I(tax/cpi), data = CigarettesSW)

Coefficients:
 (Intercept)  log(rincome)   log(rprice)  
      9.7364        0.2568       -1.2291  

k:  1.000188 
> res_kcl_2sls
Exo:  (Intercept) log(rincome) 
Endo:  log(rprice) 
Z:  tdiff I(tax/cpi) 

Call:
kclass(formula = log(packs) ~ log(rprice) + log(rincome) | log(rincome) +     tdiff + I(tax/cpi), data = CigarettesSW, k = 1)

Coefficients:
 (Intercept)  log(rincome)   log(rprice)  
      9.7365        0.2568       -1.2291  

k:  1 
> res_ivreg

Call:
ivreg(formula = log(packs) ~ log(rincome) + log(rprice) | log(rincome) +     tdiff + I(tax/cpi), data = CigarettesSW)

Coefficients:
 (Intercept)  log(rincome)   log(rprice)  
      9.7365        0.2568       -1.2291  

> res_kcl_ols
Exo:  (Intercept) log(rincome) 
Endo:  log(rprice) 
Z:  tdiff I(tax/cpi) 

Call:
kclass(formula = log(packs) ~ log(rprice) + log(rincome) | log(rincome) +     tdiff + I(tax/cpi), data = CigarettesSW, k = 0)

Coefficients:
 (Intercept)  log(rincome)   log(rprice)  
     10.0672        0.3181       -1.3342  

k:  0 
> res_ols

Call:
lm(formula = log(packs) ~ log(rincome) + log(rprice), data = CigarettesSW)

Coefficients:
 (Intercept)  log(rincome)   log(rprice)  
     10.0672        0.3181       -1.3342  

> 
> 
> all.equal(residuals(res_ols), residuals(res_kcl_ols), check=FALSE)
[1] TRUE
> all.equal(residuals(res_ivreg), residuals(res_kcl_2sls), check=FALSE)
[1] TRUE
> 
> all.equal(coef(res_ols), coef(res_kcl_ols), check=FALSE)
[1] TRUE
> all.equal(coef(res_ivreg), coef(res_kcl_2sls), check=FALSE)
[1] TRUE
> 
> vcov(object=res_kcl_ols)
              (Intercept) log(rincome) log(rprice)
(Intercept)   0.265846927  0.001510215 -0.05767681
log(rincome)  0.001510215  0.018528502 -0.01068866
log(rprice)  -0.057676808 -0.010688656  0.01832272
> vcov(object=res_ols)
              (Intercept) log(rincome) log(rprice)
(Intercept)   0.265846927  0.001510215 -0.05767681
log(rincome)  0.001510215  0.018528502 -0.01068866
log(rprice)  -0.057676808 -0.010688656  0.01832272
> 
> summary(object=res_kcl_ols)
               Estimate Std. Error   t value     Pr(>|t|)
(Intercept)  10.0671678  0.5156035 19.525020 1.158630e-34
log(rincome)  0.3181371  0.1361194  2.337191 2.157508e-02
log(rprice)  -1.3341612  0.1353614 -9.856288 4.120472e-16
> coef(summary(object=res_ols))
               Estimate Std. Error   t value     Pr(>|t|)
(Intercept)  10.0671678  0.5156035 19.525020 1.158630e-34
log(rincome)  0.3181371  0.1361194  2.337191 2.157508e-02
log(rprice)  -1.3341612  0.1353614 -9.856288 4.120472e-16
> all.equal(summary(object=res_kcl_ols),coef(summary(object=res_ols)))
[1] TRUE
> 
> summary(object=res_kcl_2sls)
              Estimate Std. Error   t value     Pr(>|t|)
(Intercept)   9.736458  0.5686561 17.121872 1.677956e-30
log(rincome)  0.256850  0.1434047  1.791084 7.653294e-02
log(rprice)  -1.229101  0.1551542 -7.921806 4.935096e-12
> coef(summary(object=res_ivreg))
              Estimate Std. Error   t value     Pr(>|t|)
(Intercept)   9.736458  0.5686561 17.121872 1.677956e-30
log(rincome)  0.256850  0.1434047  1.791084 7.653294e-02
log(rprice)  -1.229101  0.1551542 -7.921806 4.935096e-12
> all.equal(summary(object=res_kcl_2sls),coef(summary(object=res_ivreg)))
[1] TRUE
> 
> ## kclass_fit 
> dt <- CigarettesSW
> res_fit <- RcompAngrist:::kclass_fit(y=log(dt$packs), x_exo=cbind(1,log(dt$rincome)), x_endo= log(dt$rprice),
+                       z=cbind(1, with(dt, tax/cpi), dt$tdiff, log(dt$rincome)))
> 
> res_fit_2sls <- RcompAngrist:::kclass_fit(y=log(dt$packs), x_exo=cbind(1,log(dt$rincome)), x_endo= log(dt$rprice),
+                                      z=cbind(1, with(dt, tax/cpi), dt$tdiff, log(dt$rincome)), k=1)
> all.equal(coef(res_ivreg), coef(res_fit_2sls), check=FALSE)
[1] TRUE
> 
> ###### TESTING
> res <- kclass(log(packs) ~ log(rprice) + log(rincome) | log(rincome) + tdiff + I(tax/cpi),
+               data = CigarettesSW)
> res_geig <- kclass(log(packs) ~ log(rprice) + log(rincome) | log(rincome) + tdiff + I(tax/cpi),
+               data = CigarettesSW, eig="geigen")
Loading required package: geigen
> 
> res$call <- res_geig$call <- NULL
> all.equal(res, res_geig)
[1] TRUE
> 
> ## Stata example in R fashion:
> hsng2 <- webuse(x="hsng2")
Loading required package: foreign
> hsng2$regions <- model.matrix(~region, data=hsng2)[,-1]
> res_stata <- kclass(rent ~ pcturban +hsngval| pcturban + faminc +region, data=hsng2)
> 
> hs_kclass_fit_liml <-RcompAngrist:::kclass_fit(y=hsng2$rent, x_endo=hsng2$hsngval,x_exo=cbind(1,hsng2$pcturban ), 
+                                  z=cbind(hsng2[, c("pcturban", "faminc", "regions")],1))
> hs_kclass_fit_liml
$coefficients
[1] 117.608695099  -0.182739068   0.002668623

$residuals
 [1]   -9.10419944   61.46900462    9.66657413   -6.17549364  -43.95791981
 [6]  -23.26945528  -22.06815397   23.27874204   32.90051725    6.32237342
[11] -109.43282912  -11.23103277   -0.22572113   13.85228163    9.75835692
[16]   12.70082691   -1.57994215   -5.81463441    5.92829307    5.08416428
[21]   23.27884999   41.24108799  -14.29696197  -12.75596661    7.90228871
[26]  -31.76026933    0.09111599  -19.58276854    5.48302279   23.31310983
[31]   14.83173813    4.80828010   -9.58061607   24.36532610   -0.56274066
[36]   13.68099214   -5.64617832   15.71068083   -5.13607046    4.61085426
[41]  -18.79431552    1.42789486   37.60261965  -27.30359983    1.68022553
[46]   25.09309575  -18.73977079  -12.16333464   -1.57337148  -15.32697100

$fitted
          [,1]
 [1,] 197.1042
 [2,] 306.5310
 [3,] 253.3334
 [4,] 191.1755
 [5,] 326.9579
 [6,] 275.2695
 [7,] 283.0682
 [8,] 223.7213
 [9,] 223.0995
[10,] 204.6776
[11,] 420.4328
[12,] 230.2310
[13,] 246.2257
[14,] 205.1477
[15,] 215.2416
[16,] 206.2992
[17,] 199.5799
[18,] 219.8146
[19,] 210.0717
[20,] 260.9158
[21,] 231.7212
[22,] 208.7589
[23,] 250.2970
[24,] 192.7560
[25,] 203.0977
[26,] 231.7603
[27,] 204.9089
[28,] 225.5828
[29,] 207.5170
[30,] 286.6869
[31,] 236.1683
[32,] 265.1917
[33,] 225.5806
[34,] 224.6347
[35,] 224.5627
[36,] 200.3190
[37,] 262.6462
[38,] 209.2893
[39,] 227.1361
[40,] 201.3891
[41,] 206.7943
[42,] 201.5721
[43,] 207.3974
[44,] 262.3036
[45,] 224.3198
[46,] 233.9069
[47,] 213.7398
[48,] 266.1633
[49,] 235.5734
[50,] 267.3270

$sigma
[1] 25.77712

$cov.unscaled
              [,1]          [,2]          [,3]
[1,]  4.750996e-01 -5.338970e-03 -2.014278e-06
[2,] -5.338970e-03  2.041809e-04 -1.718251e-07
[3,] -2.014278e-06 -1.718251e-07  2.788098e-10

$eigen
[1] 1.256906

$n
[1] 50

$df
[1] 47

> 
> 
> summary(res_stata, adj="df")
                 Estimate   Std. Error    t value     Pr(>|t|)
(Intercept) 117.608695099 17.767515667  6.6193101 3.092856e-08
pcturban     -0.182739068  0.368334136 -0.4961231 6.221198e-01
hsngval       0.002668623  0.000430416  6.2001021 1.339276e-07
> summary(res_stata, adj="n")
                 Estimate   Std. Error    t value     Pr(>|t|)
(Intercept) 117.608695099 1.722625e+01  6.8272970 1.118076e-08
pcturban     -0.182739068 3.571132e-01 -0.5117119 6.111054e-01
hsngval       0.002668623 4.173038e-04  6.3949171 5.306180e-08
> 
> confint(res_stata)
                   2.5 %       97.5 %
(Intercept) 82.785004297 1.524324e+02
pcturban    -0.904660709 5.391826e-01
hsngval      0.001825023 3.512223e-03
> 
> proc.time()
utilisateur     système      écoulé 
       1.06        0.21        2.69 
Erreur dans gzfile(file, "wb") : impossible d'ouvrir la connexion
Calls: sys.save.image -> save.image -> save -> gzfile
De plus : Message d'avis :
In gzfile(file, "wb") :
  impossible d'ouvrir le fichier compressé '.RDataTmp', cause probable : 'Permission denied'
Exécution arrêtée
Message d'avis :
In file.remove(outfile) :
  impossible d'effacer le fichier '.RDataTmp', à cause de 'No such file or directory'
